// Jest Snapshot v1, https://goo.gl/fbAQLP

exports[`<Cart /> should render properly 1`] = `
<View
  style={
    Object {
      "backgroundColor": "rgba(225, 226, 225, 1.00)",
      "flex": 1,
    }
  }
>
  <FlatList
    disableVirtualization={false}
    horizontal={false}
    initialNumToRender={10}
    keyExtractor={[Function]}
    maxToRenderPerBatch={10}
    numColumns={1}
    onEndReachedThreshold={2}
    removeClippedSubviews={false}
    renderItem={[Function]}
    scrollEventThrottle={50}
    updateCellsBatchingPeriod={50}
    windowSize={21}
  />
</View>
`;
