// Jest Snapshot v1, https://goo.gl/fbAQLP

exports[`<Button /> should render properly 1`] = `
<TouchableOpacity
  activeOpacity={0.6}
  onPress={[Function]}
  otherProps={Object {}}
  style={
    Object {
      "alignItems": "center",
      "backgroundColor": "rgba(0, 145, 234, 1.00)",
      "borderRadius": 5,
      "flex": 1,
      "flexDirection": "row",
      "justifyContent": "center",
      "paddingHorizontal": 10,
      "paddingVertical": 5,
    }
  }
>
  <Icon
    allowFontScaling={false}
    color="#fff"
    name="add-shopping-cart"
    size={24}
  />
  <Text
    style={
      Object {
        "color": "rgba(245, 245, 246, 1.00)",
        "fontSize": 15,
      }
    }
  >
    Buy now!
  </Text>
</TouchableOpacity>
`;
